OpenJDK 64-Bit Server VM (25.121-b13) for linux-amd64 JRE (1.8.0_121-8u121-b13-0ubuntu1.16.04.2-b13), built on Jan 23 2017 15:51:29 by "buildd" with gcc 5.4.0 20160609
Memory: 4k page, physical 8026588k(188224k free), swap 78462972k(78363040k free)
CommandLine flags: -XX:InitialHeapSize=128425408 -XX:+ManagementServer -XX:MaxHeapSize=2054806528 -XX:+PrintGC -XX:+PrintGCDetails -XX:+PrintGCTimeStamps -XX:+UseCompressedClassPointers -XX:+UseCompressedOops -XX:+UseG1GC 
0,765: [GC pause (G1 Evacuation Pause) (young), 0,0253874 secs]
   [Parallel Time: 20,3 ms, GC Workers: 4]
      [GC Worker Start (ms): Min: 765,2, Avg: 767,0, Max: 771,5, Diff: 6,3]
      [Ext Root Scanning (ms): Min: 0,0, Avg: 7,9, Max: 20,1, Diff: 20,1, Sum: 31,7]
      [Update RS (ms): Min: 0,0, Avg: 0,0, Max: 0,0, Diff: 0,0, Sum: 0,0]
         [Processed Buffers: Min: 0, Avg: 0,0, Max: 0, Diff: 0, Sum: 0]
      [Scan RS (ms): Min: 0,0, Avg: 0,0, Max: 0,0, Diff: 0,0, Sum: 0,0]
      [Code Root Scanning (ms): Min: 0,0, Avg: 0,1, Max: 0,5, Diff: 0,5, Sum: 0,5]
      [Object Copy (ms): Min: 0,1, Avg: 2,9, Max: 7,9, Diff: 7,8, Sum: 11,8]
      [Termination (ms): Min: 0,0, Avg: 7,4, Max: 11,4, Diff: 11,4, Sum: 29,6]
         [Termination Attempts: Min: 1, Avg: 2,5, Max: 3, Diff: 2, Sum: 10]
      [GC Worker Other (ms): Min: 0,0, Avg: 0,0, Max: 0,0, Diff: 0,0, Sum: 0,1]
      [GC Worker Total (ms): Min: 14,0, Avg: 18,4, Max: 20,2, Diff: 6,3, Sum: 73,7]
      [GC Worker End (ms): Min: 785,5, Avg: 785,5, Max: 785,5, Diff: 0,0]
   [Code Root Fixup: 0,1 ms]
   [Code Root Purge: 0,0 ms]
   [Clear CT: 0,1 ms]
   [Other: 4,9 ms]
      [Choose CSet: 0,0 ms]
      [Ref Proc: 4,7 ms]
      [Ref Enq: 0,0 ms]
      [Redirty Cards: 0,0 ms]
      [Humongous Register: 0,0 ms]
      [Humongous Reclaim: 0,0 ms]
      [Free CSet: 0,0 ms]
   [Eden: 14,0M(14,0M)->0,0B(17,0M) Survivors: 0,0B->2048,0K Heap: 14,0M(124,0M)->3099,5K(124,0M)]
 [Times: user=0,04 sys=0,03, real=0,03 secs] 
1,209: [GC pause (G1 Evacuation Pause) (young), 0,0159175 secs]
   [Parallel Time: 14,3 ms, GC Workers: 4]
      [GC Worker Start (ms): Min: 1209,3, Avg: 1210,1, Max: 1212,5, Diff: 3,2]
      [Ext Root Scanning (ms): Min: 0,0, Avg: 0,6, Max: 1,0, Diff: 1,0, Sum: 2,4]
      [Update RS (ms): Min: 0,0, Avg: 0,1, Max: 0,2, Diff: 0,2, Sum: 0,4]
         [Processed Buffers: Min: 0, Avg: 0,5, Max: 1, Diff: 1, Sum: 2]
      [Scan RS (ms): Min: 0,0, Avg: 0,0, Max: 0,0, Diff: 0,0, Sum: 0,0]
      [Code Root Scanning (ms): Min: 0,0, Avg: 0,2, Max: 0,8, Diff: 0,8, Sum: 0,8]
      [Object Copy (ms): Min: 10,0, Avg: 10,9, Max: 12,2, Diff: 2,2, Sum: 43,7]
      [Termination (ms): Min: 0,0, Avg: 1,6, Max: 2,9, Diff: 2,9, Sum: 6,5]
         [Termination Attempts: Min: 1, Avg: 1,2, Max: 2, Diff: 1, Sum: 5]
      [GC Worker Other (ms): Min: 0,0, Avg: 0,0, Max: 0,0, Diff: 0,0, Sum: 0,0]
      [GC Worker Total (ms): Min: 11,1, Avg: 13,5, Max: 14,3, Diff: 3,2, Sum: 53,9]
      [GC Worker End (ms): Min: 1223,6, Avg: 1223,6, Max: 1223,6, Diff: 0,0]
   [Code Root Fixup: 0,2 ms]
   [Code Root Purge: 0,0 ms]
   [Clear CT: 0,1 ms]
   [Other: 1,3 ms]
      [Choose CSet: 0,0 ms]
      [Ref Proc: 1,2 ms]
      [Ref Enq: 0,0 ms]
      [Redirty Cards: 0,0 ms]
      [Humongous Register: 0,0 ms]
      [Humongous Reclaim: 0,0 ms]
      [Free CSet: 0,0 ms]
   [Eden: 17,0M(17,0M)->0,0B(45,0M) Survivors: 2048,0K->3072,0K Heap: 20,0M(124,0M)->7843,5K(124,0M)]
 [Times: user=0,02 sys=0,03, real=0,02 secs] 
1,763: [GC pause (G1 Evacuation Pause) (young), 0,0337511 secs]
   [Parallel Time: 20,0 ms, GC Workers: 4]
      [GC Worker Start (ms): Min: 1762,8, Avg: 1763,2, Max: 1764,3, Diff: 1,5]
      [Ext Root Scanning (ms): Min: 0,0, Avg: 0,6, Max: 1,1, Diff: 1,1, Sum: 2,4]
      [Update RS (ms): Min: 0,0, Avg: 0,4, Max: 0,7, Diff: 0,7, Sum: 1,6]
         [Processed Buffers: Min: 1, Avg: 2,2, Max: 6, Diff: 5, Sum: 9]
      [Scan RS (ms): Min: 0,0, Avg: 0,1, Max: 0,2, Diff: 0,2, Sum: 0,3]
      [Code Root Scanning (ms): Min: 0,0, Avg: 0,1, Max: 0,2, Diff: 0,2, Sum: 0,3]
      [Object Copy (ms): Min: 9,1, Avg: 12,8, Max: 18,7, Diff: 9,7, Sum: 51,3]
      [Termination (ms): Min: 0,0, Avg: 5,6, Max: 9,2, Diff: 9,2, Sum: 22,5]
         [Termination Attempts: Min: 1, Avg: 1,0, Max: 1, Diff: 0, Sum: 4]
      [GC Worker Other (ms): Min: 0,0, Avg: 0,0, Max: 0,0, Diff: 0,0, Sum: 0,0]
      [GC Worker Total (ms): Min: 18,5, Avg: 19,6, Max: 20,0, Diff: 1,5, Sum: 78,4]
      [GC Worker End (ms): Min: 1782,8, Avg: 1782,8, Max: 1782,8, Diff: 0,0]
   [Code Root Fixup: 0,1 ms]
   [Code Root Purge: 0,0 ms]
   [Clear CT: 0,1 ms]
   [Other: 13,5 ms]
      [Choose CSet: 0,0 ms]
      [Ref Proc: 13,3 ms]
      [Ref Enq: 0,0 ms]
      [Redirty Cards: 0,0 ms]
      [Humongous Register: 0,0 ms]
      [Humongous Reclaim: 0,0 ms]
      [Free CSet: 0,0 ms]
   [Eden: 42,0M(42,0M)->0,0B(68,0M) Survivors: 3072,0K->6144,0K Heap: 49,7M(124,0M)->15,5M(124,0M)]
 [Times: user=0,03 sys=0,06, real=0,03 secs] 
2,206: [GC pause (Metadata GC Threshold) (young) (initial-mark), 0,0363793 secs]
   [Parallel Time: 34,5 ms, GC Workers: 4]
      [GC Worker Start (ms): Min: 2206,7, Avg: 2209,5, Max: 2211,2, Diff: 4,5]
      [Ext Root Scanning (ms): Min: 9,4, Avg: 15,4, Max: 23,7, Diff: 14,3, Sum: 61,7]
      [Update RS (ms): Min: 0,0, Avg: 0,3, Max: 1,1, Diff: 1,1, Sum: 1,1]
         [Processed Buffers: Min: 0, Avg: 2,8, Max: 11, Diff: 11, Sum: 11]
      [Scan RS (ms): Min: 0,0, Avg: 0,2, Max: 0,6, Diff: 0,6, Sum: 0,6]
      [Code Root Scanning (ms): Min: 0,0, Avg: 0,1, Max: 0,4, Diff: 0,4, Sum: 0,6]
      [Object Copy (ms): Min: 4,5, Avg: 12,4, Max: 17,4, Diff: 12,9, Sum: 49,6]
      [Termination (ms): Min: 0,0, Avg: 1,2, Max: 3,0, Diff: 3,0, Sum: 4,7]
         [Termination Attempts: Min: 1, Avg: 2,0, Max: 3, Diff: 2, Sum: 8]
      [GC Worker Other (ms): Min: 0,0, Avg: 0,0, Max: 0,0, Diff: 0,0, Sum: 0,1]
      [GC Worker Total (ms): Min: 27,3, Avg: 29,6, Max: 34,4, Diff: 7,2, Sum: 118,4]
      [GC Worker End (ms): Min: 2238,4, Avg: 2239,1, Max: 2241,1, Diff: 2,6]
   [Code Root Fixup: 0,1 ms]
   [Code Root Purge: 0,0 ms]
   [Clear CT: 0,1 ms]
   [Other: 1,6 ms]
      [Choose CSet: 0,0 ms]
      [Ref Proc: 1,4 ms]
      [Ref Enq: 0,0 ms]
      [Redirty Cards: 0,0 ms]
      [Humongous Register: 0,0 ms]
      [Humongous Reclaim: 0,0 ms]
      [Free CSet: 0,0 ms]
   [Eden: 27,0M(68,0M)->0,0B(64,0M) Survivors: 6144,0K->10,0M Heap: 41,6M(124,0M)->22,0M(124,0M)]
 [Times: user=0,06 sys=0,03, real=0,04 secs] 
2,243: [GC concurrent-root-region-scan-start]
2,253: [GC concurrent-root-region-scan-end, 0,0101036 secs]
2,253: [GC concurrent-mark-start]
2,278: [GC concurrent-mark-end, 0,0252915 secs]
2,280: [GC remark 2,280: [Finalize Marking, 0,0006023 secs] 2,281: [GC ref-proc, 0,0001879 secs] 2,281: [Unloading, 0,0141770 secs], 0,0151827 secs]
 [Times: user=0,05 sys=0,00, real=0,02 secs] 
2,296: [GC cleanup 23M->19M(124M), 0,0003244 secs]
 [Times: user=0,00 sys=0,00, real=0,00 secs] 
2,296: [GC concurrent-cleanup-start]
2,296: [GC concurrent-cleanup-end, 0,0000113 secs]
3,293: [GC pause (G1 Evacuation Pause) (young), 0,0369307 secs]
   [Parallel Time: 32,0 ms, GC Workers: 4]
      [GC Worker Start (ms): Min: 3293,0, Avg: 3296,2, Max: 3299,8, Diff: 6,8]
      [Ext Root Scanning (ms): Min: 0,0, Avg: 1,5, Max: 4,4, Diff: 4,4, Sum: 6,0]
      [Update RS (ms): Min: 0,0, Avg: 0,8, Max: 2,4, Diff: 2,4, Sum: 3,0]
         [Processed Buffers: Min: 0, Avg: 3,0, Max: 9, Diff: 9, Sum: 12]
      [Scan RS (ms): Min: 0,0, Avg: 0,1, Max: 0,2, Diff: 0,2, Sum: 0,3]
      [Code Root Scanning (ms): Min: 0,0, Avg: 0,2, Max: 0,6, Diff: 0,6, Sum: 0,7]
      [Object Copy (ms): Min: 14,3, Avg: 19,9, Max: 26,2, Diff: 11,9, Sum: 79,4]
      [Termination (ms): Min: 0,0, Avg: 6,3, Max: 11,4, Diff: 11,4, Sum: 25,2]
         [Termination Attempts: Min: 1, Avg: 1,0, Max: 1, Diff: 0, Sum: 4]
      [GC Worker Other (ms): Min: 0,0, Avg: 0,0, Max: 0,0, Diff: 0,0, Sum: 0,0]
      [GC Worker Total (ms): Min: 25,1, Avg: 28,7, Max: 31,9, Diff: 6,8, Sum: 114,7]
      [GC Worker End (ms): Min: 3324,9, Avg: 3324,9, Max: 3324,9, Diff: 0,0]
   [Code Root Fixup: 0,2 ms]
   [Code Root Purge: 0,1 ms]
   [Clear CT: 0,1 ms]
   [Other: 4,6 ms]
      [Choose CSet: 0,0 ms]
      [Ref Proc: 4,2 ms]
      [Ref Enq: 0,0 ms]
      [Redirty Cards: 0,2 ms]
      [Humongous Register: 0,0 ms]
      [Humongous Reclaim: 0,0 ms]
      [Free CSet: 0,1 ms]
   [Eden: 64,0M(64,0M)->0,0B(66,0M) Survivors: 10,0M->8192,0K Heap: 82,0M(124,0M)->21,4M(124,0M)]
 [Times: user=0,10 sys=0,02, real=0,03 secs] 
4,564: [GC pause (G1 Evacuation Pause) (young), 0,0363751 secs]
   [Parallel Time: 22,0 ms, GC Workers: 4]
      [GC Worker Start (ms): Min: 4564,3, Avg: 4567,2, Max: 4570,1, Diff: 5,8]
      [Ext Root Scanning (ms): Min: 0,0, Avg: 0,8, Max: 1,6, Diff: 1,6, Sum: 3,1]
      [Update RS (ms): Min: 0,0, Avg: 1,0, Max: 2,2, Diff: 2,2, Sum: 4,0]
         [Processed Buffers: Min: 0, Avg: 3,2, Max: 7, Diff: 7, Sum: 13]
      [Scan RS (ms): Min: 0,0, Avg: 0,3, Max: 0,8, Diff: 0,8, Sum: 1,4]
      [Code Root Scanning (ms): Min: 0,0, Avg: 0,3, Max: 1,1, Diff: 1,1, Sum: 1,2]
      [Object Copy (ms): Min: 13,9, Avg: 15,0, Max: 16,1, Diff: 2,2, Sum: 60,1]
      [Termination (ms): Min: 0,0, Avg: 1,6, Max: 2,8, Diff: 2,8, Sum: 6,4]
         [Termination Attempts: Min: 1, Avg: 1,0, Max: 1, Diff: 0, Sum: 4]
      [GC Worker Other (ms): Min: 0,0, Avg: 0,0, Max: 0,0, Diff: 0,0, Sum: 0,0]
      [GC Worker Total (ms): Min: 16,1, Avg: 19,0, Max: 21,9, Diff: 5,8, Sum: 76,1]
      [GC Worker End (ms): Min: 4586,2, Avg: 4586,2, Max: 4586,2, Diff: 0,0]
   [Code Root Fixup: 0,2 ms]
   [Code Root Purge: 0,1 ms]
   [Clear CT: 0,1 ms]
   [Other: 14,0 ms]
      [Choose CSet: 0,0 ms]
      [Ref Proc: 13,8 ms]
      [Ref Enq: 0,0 ms]
      [Redirty Cards: 0,0 ms]
      [Humongous Register: 0,0 ms]
      [Humongous Reclaim: 0,0 ms]
      [Free CSet: 0,1 ms]
   [Eden: 66,0M(66,0M)->0,0B(64,0M) Survivors: 8192,0K->10,0M Heap: 87,4M(124,0M)->23,4M(124,0M)]
 [Times: user=0,10 sys=0,01, real=0,03 secs] 
5,710: [GC pause (G1 Evacuation Pause) (young), 0,0387638 secs]
   [Parallel Time: 36,2 ms, GC Workers: 4]
      [GC Worker Start (ms): Min: 5710,0, Avg: 5711,7, Max: 5714,9, Diff: 4,9]
      [Ext Root Scanning (ms): Min: 0,3, Avg: 3,8, Max: 11,2, Diff: 10,9, Sum: 15,2]
      [Update RS (ms): Min: 0,0, Avg: 0,8, Max: 1,4, Diff: 1,4, Sum: 3,1]
         [Processed Buffers: Min: 0, Avg: 2,8, Max: 5, Diff: 5, Sum: 11]
      [Scan RS (ms): Min: 0,0, Avg: 0,0, Max: 0,0, Diff: 0,0, Sum: 0,1]
      [Code Root Scanning (ms): Min: 0,0, Avg: 0,4, Max: 1,4, Diff: 1,4, Sum: 1,5]
      [Object Copy (ms): Min: 19,2, Avg: 25,6, Max: 28,9, Diff: 9,6, Sum: 102,6]
      [Termination (ms): Min: 0,0, Avg: 3,8, Max: 5,1, Diff: 5,1, Sum: 15,2]
         [Termination Attempts: Min: 1, Avg: 1,8, Max: 4, Diff: 3, Sum: 7]
      [GC Worker Other (ms): Min: 0,0, Avg: 0,0, Max: 0,0, Diff: 0,0, Sum: 0,0]
      [GC Worker Total (ms): Min: 31,2, Avg: 34,4, Max: 36,1, Diff: 5,0, Sum: 137,7]
      [GC Worker End (ms): Min: 5746,1, Avg: 5746,1, Max: 5746,1, Diff: 0,1]
   [Code Root Fixup: 0,4 ms]
   [Code Root Purge: 0,0 ms]
   [Clear CT: 0,1 ms]
   [Other: 2,1 ms]
      [Choose CSet: 0,0 ms]
      [Ref Proc: 1,8 ms]
      [Ref Enq: 0,0 ms]
      [Redirty Cards: 0,1 ms]
      [Humongous Register: 0,0 ms]
      [Humongous Reclaim: 0,0 ms]
      [Free CSet: 0,1 ms]
   [Eden: 64,0M(64,0M)->0,0B(64,0M) Survivors: 10,0M->10,0M Heap: 87,4M(124,0M)->25,7M(124,0M)]
 [Times: user=0,12 sys=0,02, real=0,04 secs] 
6,780: [GC pause (G1 Evacuation Pause) (young), 0,0524299 secs]
   [Parallel Time: 51,1 ms, GC Workers: 4]
      [GC Worker Start (ms): Min: 6780,0, Avg: 6780,5, Max: 6781,1, Diff: 1,1]
      [Ext Root Scanning (ms): Min: 0,4, Avg: 4,7, Max: 10,1, Diff: 9,7, Sum: 18,9]
      [Update RS (ms): Min: 0,0, Avg: 7,6, Max: 16,1, Diff: 16,1, Sum: 30,3]
         [Processed Buffers: Min: 0, Avg: 4,2, Max: 14, Diff: 14, Sum: 17]
      [Scan RS (ms): Min: 0,0, Avg: 0,4, Max: 0,9, Diff: 0,9, Sum: 1,4]
      [Code Root Scanning (ms): Min: 0,0, Avg: 12,2, Max: 20,4, Diff: 20,4, Sum: 48,8]
      [Object Copy (ms): Min: 13,0, Avg: 21,8, Max: 33,4, Diff: 20,4, Sum: 87,0]
      [Termination (ms): Min: 0,0, Avg: 3,9, Max: 7,2, Diff: 7,2, Sum: 15,5]
         [Termination Attempts: Min: 1, Avg: 2,0, Max: 3, Diff: 2, Sum: 8]
      [GC Worker Other (ms): Min: 0,0, Avg: 0,0, Max: 0,0, Diff: 0,0, Sum: 0,1]
      [GC Worker Total (ms): Min: 49,9, Avg: 50,5, Max: 51,0, Diff: 1,1, Sum: 201,9]
      [GC Worker End (ms): Min: 6831,0, Avg: 6831,0, Max: 6831,0, Diff: 0,0]
   [Code Root Fixup: 0,2 ms]
   [Code Root Purge: 0,0 ms]
   [Clear CT: 0,1 ms]
   [Other: 1,1 ms]
      [Choose CSet: 0,0 ms]
      [Ref Proc: 0,8 ms]
      [Ref Enq: 0,0 ms]
      [Redirty Cards: 0,1 ms]
      [Humongous Register: 0,0 ms]
      [Humongous Reclaim: 0,0 ms]
      [Free CSet: 0,1 ms]
   [Eden: 64,0M(64,0M)->0,0B(64,0M) Survivors: 10,0M->10,0M Heap: 90,2M(124,0M)->29,1M(124,0M)]
 [Times: user=0,10 sys=0,02, real=0,06 secs] 
7,798: [GC pause (G1 Evacuation Pause) (young), 0,0307500 secs]
   [Parallel Time: 28,6 ms, GC Workers: 4]
      [GC Worker Start (ms): Min: 7798,5, Avg: 7798,8, Max: 7799,1, Diff: 0,6]
      [Ext Root Scanning (ms): Min: 0,7, Avg: 1,4, Max: 2,1, Diff: 1,4, Sum: 5,6]
      [Update RS (ms): Min: 2,4, Avg: 4,3, Max: 9,8, Diff: 7,4, Sum: 17,1]
         [Processed Buffers: Min: 1, Avg: 5,5, Max: 8, Diff: 7, Sum: 22]
      [Scan RS (ms): Min: 0,0, Avg: 0,4, Max: 0,7, Diff: 0,7, Sum: 1,6]
      [Code Root Scanning (ms): Min: 0,0, Avg: 0,2, Max: 0,7, Diff: 0,7, Sum: 0,8]
      [Object Copy (ms): Min: 17,4, Avg: 21,8, Max: 23,8, Diff: 6,5, Sum: 87,3]
      [Termination (ms): Min: 0,0, Avg: 0,1, Max: 0,2, Diff: 0,2, Sum: 0,4]
         [Termination Attempts: Min: 1, Avg: 1,0, Max: 1, Diff: 0, Sum: 4]
      [GC Worker Other (ms): Min: 0,0, Avg: 0,0, Max: 0,0, Diff: 0,0, Sum: 0,0]
      [GC Worker Total (ms): Min: 27,9, Avg: 28,2, Max: 28,5, Diff: 0,6, Sum: 112,9]
      [GC Worker End (ms): Min: 7827,0, Avg: 7827,0, Max: 7827,0, Diff: 0,0]
   [Code Root Fixup: 0,2 ms]
   [Code Root Purge: 0,0 ms]
   [Clear CT: 1,0 ms]
   [Other: 1,0 ms]
      [Choose CSet: 0,0 ms]
      [Ref Proc: 0,7 ms]
      [Ref Enq: 0,0 ms]
      [Redirty Cards: 0,1 ms]
      [Humongous Register: 0,0 ms]
      [Humongous Reclaim: 0,0 ms]
      [Free CSet: 0,1 ms]
   [Eden: 64,0M(64,0M)->0,0B(64,0M) Survivors: 10,0M->10,0M Heap: 93,1M(124,0M)->32,0M(124,0M)]
 [Times: user=0,09 sys=0,01, real=0,03 secs] 
8,472: [GC pause (G1 Evacuation Pause) (young), 0,0436156 secs]
   [Parallel Time: 41,3 ms, GC Workers: 4]
      [GC Worker Start (ms): Min: 8472,4, Avg: 8476,9, Max: 8483,4, Diff: 11,0]
      [Ext Root Scanning (ms): Min: 0,0, Avg: 0,7, Max: 1,7, Diff: 1,7, Sum: 2,9]
      [Update RS (ms): Min: 0,0, Avg: 1,8, Max: 3,6, Diff: 3,6, Sum: 7,2]
         [Processed Buffers: Min: 0, Avg: 4,5, Max: 10, Diff: 10, Sum: 18]
      [Scan RS (ms): Min: 0,0, Avg: 0,6, Max: 1,2, Diff: 1,2, Sum: 2,3]
      [Code Root Scanning (ms): Min: 0,0, Avg: 3,5, Max: 14,0, Diff: 14,0, Sum: 14,2]
      [Object Copy (ms): Min: 8,7, Avg: 19,8, Max: 25,9, Diff: 17,2, Sum: 79,4]
      [Termination (ms): Min: 0,0, Avg: 7,0, Max: 12,1, Diff: 12,1, Sum: 27,9]
         [Termination Attempts: Min: 1, Avg: 1,0, Max: 1, Diff: 0, Sum: 4]
      [GC Worker Other (ms): Min: 0,0, Avg: 0,0, Max: 0,0, Diff: 0,0, Sum: 0,1]
      [GC Worker Total (ms): Min: 26,0, Avg: 33,5, Max: 41,2, Diff: 15,2, Sum: 134,0]
      [GC Worker End (ms): Min: 8509,4, Avg: 8510,4, Max: 8513,6, Diff: 4,3]
   [Code Root Fixup: 0,2 ms]
   [Code Root Purge: 0,0 ms]
   [Clear CT: 0,1 ms]
   [Other: 2,0 ms]
      [Choose CSet: 0,0 ms]
      [Ref Proc: 1,4 ms]
      [Ref Enq: 0,0 ms]
      [Redirty Cards: 0,1 ms]
      [Humongous Register: 0,0 ms]
      [Humongous Reclaim: 0,0 ms]
      [Free CSet: 0,3 ms]
   [Eden: 64,0M(64,0M)->0,0B(65,0M) Survivors: 10,0M->9216,0K Heap: 96,0M(124,0M)->34,4M(124,0M)]
 [Times: user=0,12 sys=0,02, real=0,04 secs] 
8,888: [GC pause (Metadata GC Threshold) (young) (initial-mark), 0,0680799 secs]
   [Parallel Time: 66,1 ms, GC Workers: 4]
      [GC Worker Start (ms): Min: 8888,0, Avg: 8888,4, Max: 8888,7, Diff: 0,7]
      [Ext Root Scanning (ms): Min: 0,7, Avg: 12,5, Max: 20,7, Diff: 20,0, Sum: 50,1]
      [Update RS (ms): Min: 0,0, Avg: 7,4, Max: 12,8, Diff: 12,8, Sum: 29,5]
         [Processed Buffers: Min: 0, Avg: 4,2, Max: 7, Diff: 7, Sum: 17]
      [Scan RS (ms): Min: 0,0, Avg: 0,5, Max: 1,9, Diff: 1,9, Sum: 1,9]
      [Code Root Scanning (ms): Min: 0,0, Avg: 0,1, Max: 0,3, Diff: 0,3, Sum: 0,3]
      [Object Copy (ms): Min: 36,0, Avg: 44,9, Max: 53,4, Diff: 17,4, Sum: 179,6]
      [Termination (ms): Min: 0,0, Avg: 0,3, Max: 0,6, Diff: 0,6, Sum: 1,3]
         [Termination Attempts: Min: 1, Avg: 1,2, Max: 2, Diff: 1, Sum: 5]
      [GC Worker Other (ms): Min: 0,0, Avg: 0,0, Max: 0,0, Diff: 0,0, Sum: 0,1]
      [GC Worker Total (ms): Min: 65,3, Avg: 65,7, Max: 66,1, Diff: 0,7, Sum: 262,8]
      [GC Worker End (ms): Min: 8954,1, Avg: 8954,1, Max: 8954,1, Diff: 0,0]
   [Code Root Fixup: 0,1 ms]
   [Code Root Purge: 0,0 ms]
   [Clear CT: 0,1 ms]
   [Other: 1,8 ms]
      [Choose CSet: 0,0 ms]
      [Ref Proc: 0,9 ms]
      [Ref Enq: 0,0 ms]
      [Redirty Cards: 0,7 ms]
      [Humongous Register: 0,0 ms]
      [Humongous Reclaim: 0,0 ms]
      [Free CSet: 0,1 ms]
   [Eden: 31,0M(65,0M)->0,0B(67,0M) Survivors: 9216,0K->7168,0K Heap: 65,4M(124,0M)->37,0M(124,0M)]
 [Times: user=0,15 sys=0,04, real=0,07 secs] 
8,956: [GC concurrent-root-region-scan-start]
8,989: [GC concurrent-root-region-scan-end, 0,0328120 secs]
8,989: [GC concurrent-mark-start]
9,068: [GC concurrent-mark-end, 0,0792818 secs]
9,068: [GC remark 9,069: [Finalize Marking, 0,0004368 secs] 9,069: [GC ref-proc, 0,0002879 secs] 9,069: [Unloading, 0,0208695 secs], 0,0222385 secs]
 [Times: user=0,07 sys=0,00, real=0,03 secs] 
9,091: [GC cleanup 46M->46M(124M), 0,0016365 secs]
 [Times: user=0,00 sys=0,00, real=0,00 secs] 
10,077: [GC pause (G1 Evacuation Pause) (young), 0,0638184 secs]
   [Parallel Time: 56,7 ms, GC Workers: 4]
      [GC Worker Start (ms): Min: 10077,5, Avg: 10079,6, Max: 10080,9, Diff: 3,4]
      [Ext Root Scanning (ms): Min: 0,1, Avg: 6,6, Max: 14,3, Diff: 14,2, Sum: 26,2]
      [Update RS (ms): Min: 0,0, Avg: 2,9, Max: 6,0, Diff: 6,0, Sum: 11,7]
         [Processed Buffers: Min: 0, Avg: 5,8, Max: 12, Diff: 12, Sum: 23]
      [Scan RS (ms): Min: 0,0, Avg: 0,5, Max: 1,0, Diff: 1,0, Sum: 2,0]
      [Code Root Scanning (ms): Min: 0,0, Avg: 0,1, Max: 0,2, Diff: 0,2, Sum: 0,3]
      [Object Copy (ms): Min: 34,2, Avg: 43,9, Max: 53,1, Diff: 18,9, Sum: 175,5]
      [Termination (ms): Min: 0,0, Avg: 0,6, Max: 1,2, Diff: 1,2, Sum: 2,5]
         [Termination Attempts: Min: 1, Avg: 1,0, Max: 1, Diff: 0, Sum: 4]
      [GC Worker Other (ms): Min: 0,0, Avg: 0,0, Max: 0,0, Diff: 0,0, Sum: 0,0]
      [GC Worker Total (ms): Min: 53,3, Avg: 54,6, Max: 56,7, Diff: 3,4, Sum: 218,2]
      [GC Worker End (ms): Min: 10134,2, Avg: 10134,2, Max: 10134,2, Diff: 0,0]
   [Code Root Fixup: 0,1 ms]
   [Code Root Purge: 0,0 ms]
   [Clear CT: 0,1 ms]
   [Other: 6,8 ms]
      [Choose CSet: 0,0 ms]
      [Ref Proc: 6,5 ms]
      [Ref Enq: 0,0 ms]
      [Redirty Cards: 0,1 ms]
      [Humongous Register: 0,0 ms]
      [Humongous Reclaim: 0,0 ms]
      [Free CSet: 0,1 ms]
   [Eden: 67,0M(67,0M)->0,0B(1024,0K) Survivors: 7168,0K->10,0M Heap: 104,0M(124,0M)->43,8M(124,0M)]
 [Times: user=0,14 sys=0,03, real=0,06 secs] 
10,158: [GC pause (G1 Evacuation Pause) (mixed), 0,0316414 secs]
   [Parallel Time: 30,9 ms, GC Workers: 4]
      [GC Worker Start (ms): Min: 10158,1, Avg: 10163,2, Max: 10166,4, Diff: 8,3]
      [Ext Root Scanning (ms): Min: 0,0, Avg: 0,9, Max: 3,5, Diff: 3,5, Sum: 3,5]
      [Update RS (ms): Min: 1,0, Avg: 3,0, Max: 4,7, Diff: 3,8, Sum: 12,2]
         [Processed Buffers: Min: 2, Avg: 6,0, Max: 11, Diff: 9, Sum: 24]
      [Scan RS (ms): Min: 1,7, Avg: 1,9, Max: 2,1, Diff: 0,4, Sum: 7,5]
      [Code Root Scanning (ms): Min: 0,0, Avg: 0,4, Max: 1,0, Diff: 1,0, Sum: 1,6]
      [Object Copy (ms): Min: 18,2, Avg: 19,4, Max: 20,6, Diff: 2,4, Sum: 77,5]
      [Termination (ms): Min: 0,0, Avg: 0,1, Max: 0,1, Diff: 0,1, Sum: 0,4]
         [Termination Attempts: Min: 1, Avg: 2,2, Max: 4, Diff: 3, Sum: 9]
      [GC Worker Other (ms): Min: 0,0, Avg: 0,0, Max: 0,0, Diff: 0,0, Sum: 0,1]
      [GC Worker Total (ms): Min: 22,5, Avg: 25,7, Max: 30,8, Diff: 8,3, Sum: 102,7]
      [GC Worker End (ms): Min: 10188,9, Avg: 10188,9, Max: 10188,9, Diff: 0,0]
   [Code Root Fixup: 0,2 ms]
   [Code Root Purge: 0,0 ms]
   [Clear CT: 0,1 ms]
   [Other: 0,5 ms]
      [Choose CSet: 0,0 ms]
      [Ref Proc: 0,2 ms]
      [Ref Enq: 0,0 ms]
      [Redirty Cards: 0,1 ms]
      [Humongous Register: 0,0 ms]
      [Humongous Reclaim: 0,0 ms]
      [Free CSet: 0,1 ms]
   [Eden: 1024,0K(1024,0K)->0,0B(67,0M) Survivors: 10,0M->2048,0K Heap: 44,8M(124,0M)->39,0M(124,0M)]
 [Times: user=0,07 sys=0,02, real=0,03 secs] 
11,067: [GC pause (G1 Evacuation Pause) (young), 0,0189613 secs]
   [Parallel Time: 17,4 ms, GC Workers: 4]
      [GC Worker Start (ms): Min: 11066,6, Avg: 11067,4, Max: 11069,6, Diff: 3,0]
      [Ext Root Scanning (ms): Min: 0,0, Avg: 0,9, Max: 1,3, Diff: 1,2, Sum: 3,5]
      [Update RS (ms): Min: 3,2, Avg: 5,5, Max: 9,6, Diff: 6,4, Sum: 22,0]
         [Processed Buffers: Min: 2, Avg: 6,2, Max: 11, Diff: 9, Sum: 25]
      [Scan RS (ms): Min: 0,0, Avg: 0,0, Max: 0,2, Diff: 0,2, Sum: 0,2]
      [Code Root Scanning (ms): Min: 0,0, Avg: 0,0, Max: 0,1, Diff: 0,1, Sum: 0,1]
      [Object Copy (ms): Min: 0,3, Avg: 5,1, Max: 11,3, Diff: 11,0, Sum: 20,2]
      [Termination (ms): Min: 0,0, Avg: 5,1, Max: 7,0, Diff: 7,0, Sum: 20,2]
         [Termination Attempts: Min: 1, Avg: 2,5, Max: 7, Diff: 6, Sum: 10]
      [GC Worker Other (ms): Min: 0,0, Avg: 0,0, Max: 0,0, Diff: 0,0, Sum: 0,0]
      [GC Worker Total (ms): Min: 14,4, Avg: 16,6, Max: 17,3, Diff: 3,0, Sum: 66,3]
      [GC Worker End (ms): Min: 11083,9, Avg: 11083,9, Max: 11084,0, Diff: 0,0]
   [Code Root Fixup: 0,0 ms]
   [Code Root Purge: 0,0 ms]
   [Clear CT: 0,3 ms]
   [Other: 1,3 ms]
      [Choose CSet: 0,0 ms]
      [Ref Proc: 0,8 ms]
      [Ref Enq: 0,0 ms]
      [Redirty Cards: 0,1 ms]
      [Humongous Register: 0,0 ms]
      [Humongous Reclaim: 0,0 ms]
      [Free CSet: 0,2 ms]
   [Eden: 67,0M(67,0M)->0,0B(66,0M) Survivors: 2048,0K->4096,0K Heap: 106,0M(124,0M)->40,5M(124,0M)]
 [Times: user=0,06 sys=0,00, real=0,02 secs] 
Heap
 garbage-first heap   total 126976K, used 57820K [0x0000000085800000, 0x00000000859003e0, 0x0000000100000000)
  region size 1024K, 21 young (21504K), 4 survivors (4096K)
 Metaspace       used 39856K, capacity 40418K, committed 40752K, reserved 1085440K
  class space    used 4963K, capacity 5139K, committed 5168K, reserved 1048576K
